24 19 0 5 25 13 0 5 12 13 0 1 1 0 2 12 15 1 15 1 13 0 2 1 0 0 12 15 -1 16 100 13 0 3 1 0 0 12 15 -1 16 72 13 0 2 1 11 22 15 -1 0 1 0 1 1 15 -1 13 0 3 1 13 0 3 1 11 0 1 1 12 15 -1 13 0 3 1 11 13 0 1 1 11 7 18 42 13 0 2 1 13 0 2 1 11 0 1 1 12 15 -1 13 0 2 1 11 13 11 7 18 31 21 3